// Jest Snapshot v1, https://goo.gl/fbAQLP

exports[`DrawEditLinkInput should match snapshot. 1`] = `null`;
