// Jest Snapshot v1, https://goo.gl/fbAQLP

exports[`MapAccessibility should return null 1`] = `null`;
