// Jest Snapshot v1, https://goo.gl/fbAQLP

exports[`Button should match snapshot. 1`] = `
<div role="button"
     tabindex="0"
     class="tm-zoom in"
     title="Zoom in"
     aria-label="Zoom in"
>
  +
</div>
`;
