// Jest Snapshot v1, https://goo.gl/fbAQLP

exports[`LayerInfosDialog should match snapshot when Layer is defined 1`] = `
<div
  className="wkp-dialog"
>
  <div
    className="tm-rnd tm-draggable react-draggable"
    onMouseDown={[Function]}
    onMouseUp={[Function]}
    onTouchEnd={[Function]}
    onTouchStart={[Function]}
    style={
      Object {
        "boxSizing": "border-box",
        "cursor": "move",
        "display": "inline-block",
        "flexShrink": 0,
        "height": "auto",
        "left": 0,
        "maxHeight": 9007199254740991,
        "maxWidth": 9007199254740991,
        "minHeight": undefined,
        "minWidth": undefined,
        "position": "absolute",
        "top": 0,
        "touchAction": "none",
        "transform": "translate(0px,0px)",
        "userSelect": "auto",
        "width": "auto",
      }
    }
    transform={null}
  >
    <div
      className="tm-dialog"
      style={
        Object {
          "display": "block",
        }
      }
    >
      <div
        className="tm-dialog-container"
      >
        <div
          className="tm-dialog-header tm-dialog-draggable"
        >
          <div
            className="tm-header-left"
          />
          <span>
            Informationen
          </span>
          <div
            className="tm-button tm-dialog-close-bt"
            onClick={[Function]}
            onKeyPress={[Function]}
            role="button"
            tabIndex={0}
          >
            <svg
              fill="currentColor"
              focusable={false}
              height="1em"
              stroke="currentColor"
              strokeWidth="0"
              style={
                Object {
                  "color": undefined,
                }
              }
              viewBox="0 0 24 24"
              width="1em"
              xmlns="http://www.w3.org/2000/svg"
            >
              <path
                d="M19 6.41L17.59 5 12 10.59 6.41 5 5 6.41 10.59 12 5 17.59 6.41 19 12 13.41 17.59 19 19 17.59 13.41 12z"
              />
            </svg>
          </div>
        </div>
        <div
          className="tm-dialog-body"
        >
          description&lt;br/&gt;break
        </div>
      </div>
    </div>
    <span />
  </div>
</div>
`;

exports[`LayerInfosDialog should match snapshot when Layer is null 1`] = `null`;
