// Jest Snapshot v1, https://goo.gl/fbAQLP

exports[`PermalinkInput should match snapshot. 1`] = `
<div class="makeStyles-input-1">
  <input type="text"
         tabindex="0"
         title
         class="tm-permalink-input"
         value
  >
  <button class="MuiButtonBase-root MuiIconButton-root MuiIconButton-sizeMedium tm-permalink-bt css-78trlr-MuiButtonBase-root-MuiIconButton-root"
          tabindex="0"
          type="button"
          title
  >
    <svg stroke="currentColor"
         fill="currentColor"
         stroke-width="0"
         viewbox="0 0 24 24"
         focusable="false"
         height="1em"
         width="1em"
         xmlns="http://www.w3.org/2000/svg"
    >
      <path fill="none"
            d="M0 0h24v24H0z"
      >
      </path>
      <path d="M16 1H4c-1.1 0-2 .9-2 2v14h2V3h12V1zm3 4H8c-1.1 0-2 .9-2 2v14c0 1.1.9 2 2 2h11c1.1 0 2-.9 2-2V7c0-1.1-.9-2-2-2zm0 16H8V7h11v14z">
      </path>
    </svg>
    <span class="MuiTouchRipple-root css-8je8zh-MuiTouchRipple-root">
    </span>
  </button>
</div>
`;
