// Jest Snapshot v1, https://goo.gl/fbAQLP

exports[`ExportMenu should match snapshot when logged in. 1`] = `null`;

exports[`ExportMenu should match snapshot when not logged in. 1`] = `null`;
