// Jest Snapshot v1, https://goo.gl/fbAQLP

exports[`Link should match snapshot. 1`] = `
<a
  className="wkp-link"
  href="https://geops.de/"
  rel="noopener noreferrer"
  target="_blank"
>
  geOps
  <svg>
    Link.svg
  </svg>
</a>
`;
