// Jest Snapshot v1, https://goo.gl/fbAQLP

exports[`AppRouter should match snapshot 1`] = `
<div
  className="tm-app header footer menu permalink mapControls popup baseLayerToggler"
>
  <div
    className="tm-map"
    role="menu"
    tabIndex={0}
  />
  <div>
    <div
      className="wkp-header"
    >
      <div
        className="tm-header-left"
      />
      <div
        className="wkp-header-right"
      >
        <img
          alt="SBB Logo"
          src="sbb-logo.png"
        />
      </div>
    </div>
  </div>
  <div />
  <div>
    <div
      className="wkp-footer"
    >
      <div
        className="wkp-footer-left"
      >
        <div
          className="tm-copyright"
        >
          Geodaten © OpenStreetMap contributors, imagico, SBB/CFF/FFS
        </div>
        <a
          href="#"
          onClick={[Function]}
        >
          Kontakt
        </a>
        <a
          href="#"
          onClick={[Function]}
        >
          Impressum
        </a>
        <a
          href="#"
          onClick={[Function]}
        >
          Rechtliches
        </a>
      </div>
      <div
        className="wkp-footer-right"
      >
        <div
          className="tm-mouse-position"
        >
          <select
            className="tm-select"
            onChange={[Function]}
            value="EPSG:21781"
          >
            <option
              value="EPSG:21781"
            >
              CH1093 / LV03
            </option>
            <option
              value="EPSG:2056"
            >
              CH1093+ / LV95
            </option>
            <option
              value="EPSG:3857"
            >
              Web Mercator
            </option>
            <option
              value="EPSG:4326"
            >
              WGS 84
            </option>
          </select>
          <span />
        </div>
        <div
          className="tm-scale-line"
        />
        <select
          className="wkp-language-select"
          onChange={[Function]}
          value="de"
        >
          <option
            value="de"
          >
            DE
          </option>
          <option
            value="fr"
          >
            FR
          </option>
          <option
            value="it"
          >
            IT
          </option>
          <option
            value="en"
          >
            EN
          </option>
        </select>
      </div>
    </div>
  </div>
  <div>
    <div
      className="wkp-menu-wrapper"
    >
      <div
        className="wkp-menu"
      >
        <div
          className="wkp-menu-header"
          onClick={[Function]}
          onKeyPress={[Function]}
          role="button"
          tabIndex="0"
        >
          <div
            className="wkp-menu-header-toggler"
          >
            <div
              className="wkp-menu-header-toggler-icon"
            >
              <img
                alt="Menü"
                src="menu_open.png"
              />
            </div>
            <span
              className="wkp-menu-toggle-text"
            >
              Menü
            </span>
          </div>
          <div
            className="wkp-menu-title "
          >
            ch.sbb.netzkarte
          </div>
          <div
            className="wkp-menu-toggler"
          >
            <svg
              fill="currentColor"
              height="1em"
              stroke="currentColor"
              strokeWidth="0"
              style={
                Object {
                  "color": undefined,
                }
              }
              viewBox="0 0 320 512"
              width="1em"
              xmlns="http://www.w3.org/2000/svg"
            >
              <path
                d="M143 352.3L7 216.3c-9.4-9.4-9.4-24.6 0-33.9l22.6-22.6c9.4-9.4 24.6-9.4 33.9 0l96.4 96.4 96.4-96.4c9.4-9.4 24.6-9.4 33.9 0l22.6 22.6c9.4 9.4 9.4 24.6 0 33.9l-136 136c-9.2 9.4-24.4 9.4-33.8 0z"
              />
            </svg>
          </div>
          <div
            className="wkp-menu-layers hidden"
          >
            
          </div>
        </div>
        <div
          className=" wkp-collapsible-vertical"
          style={
            Object {
              "maxHeight": 0,
            }
          }
        >
          <div
            className="wkp-menu-body"
          >
            <div
              className="wkp-topic-menu"
            >
              <div
                className="wkp-topic-menu-item-wrapper"
              >
                <div
                  className="wkp-topic-menu-item"
                  onClick={[Function]}
                  onKeyPress={[Function]}
                  role="button"
                  tabIndex={0}
                >
                  <div
                    className="wkp-topic-title"
                  >
                    <div
                      className="wkp-topic-radio"
                    >
                      <div
                        className="wkp-topic-radio-dot"
                      />
                    </div>
                    ch.sbb.netzkarte
                  </div>
                  <div
                    className="wkp-layer-toggler "
                    style={
                      Object {
                        "display": "block",
                      }
                    }
                  />
                </div>
              </div>
              <div
                className="wkp-topic-content"
              >
                <div
                  className=" wkp-collapsible-vertical"
                  style={
                    Object {
                      "maxHeight": 1000,
                    }
                  }
                >
                  <select
                    className="tm-select"
                    onChange={[Function]}
                    value="ch.sbb.netzkarte"
                  >
                    <option
                      value="ch.sbb.netzkarte"
                    >
                      ch.sbb.netzkarte
                    </option>
                    <option
                      value="ch.sbb.netzkarte.landeskarte.grau"
                    >
                      ch.sbb.netzkarte.landeskarte.grau
                    </option>
                    <option
                      value="ch.sbb.netzkarte.landeskarte"
                    >
                      ch.sbb.netzkarte.landeskarte
                    </option>
                    <option
                      value="ch.sbb.netzkarte.luftbild.group"
                    >
                      ch.sbb.netzkarte.luftbild.group
                    </option>
                  </select>
                  <div
                    className="wkp-layer-tree"
                  >
                    <div
                      className="tm-layer-tree"
                    >
                      <div>
                        <div
                          className="tm-layer-tree-item "
                          style={
                            Object {
                              "paddingLeft": "0px",
                            }
                          }
                        >
                          <label
                            className="tm-layer-tree-input tm-layer-tree-input-checkbox tm-checkbox"
                            onKeyPress={[Function]}
                            tabIndex={0}
                          >
                            <input
                              checked={false}
                              onChange={[Function]}
                              onClick={[Function]}
                              tabIndex={-1}
                              type="checkbox"
                            />
                            <span />
                          </label>
                          <div
                            className="tm-layer-tree-toggle"
                            onClick={[Function]}
                            onKeyPress={[Function]}
                            role="button"
                            tabIndex={0}
                          >
                            <div>
                              ch.sbb.bahnhofplaene
                            </div>
                            <div
                              className="tm-layer-tree-arrow tm-layer-tree-arrow-collapsed"
                            />
                          </div>
                          <div
                            className="wkp-info-layer-bt"
                            onClick={[Function]}
                            onKeyPress={[Function]}
                            role="button"
                            tabIndex={0}
                          >
                            <svg
                              fill="currentColor"
                              focusable={false}
                              height="1em"
                              stroke="currentColor"
                              strokeWidth="0"
                              style={
                                Object {
                                  "color": undefined,
                                }
                              }
                              viewBox="0 0 512 512"
                              width="1em"
                              xmlns="http://www.w3.org/2000/svg"
                            >
                              <path
                                d="M256 8C119.043 8 8 119.083 8 256c0 136.997 111.043 248 248 248s248-111.003 248-248C504 119.083 392.957 8 256 8zm0 110c23.196 0 42 18.804 42 42s-18.804 42-42 42-42-18.804-42-42 18.804-42 42-42zm56 254c0 6.627-5.373 12-12 12h-88c-6.627 0-12-5.373-12-12v-24c0-6.627 5.373-12 12-12h12v-64h-12c-6.627 0-12-5.373-12-12v-24c0-6.627 5.373-12 12-12h64c6.627 0 12 5.373 12 12v100h12c6.627 0 12 5.373 12 12v24z"
                              />
                            </svg>
                          </div>
                        </div>
                      </div>
                      <div>
                        <div
                          className="tm-layer-tree-item "
                          style={
                            Object {
                              "paddingLeft": "0px",
                            }
                          }
                        >
                          <label
                            className="tm-layer-tree-input tm-layer-tree-input-checkbox tm-checkbox"
                            onKeyPress={[Function]}
                            tabIndex={-1}
                          >
                            <input
                              checked={false}
                              onChange={[Function]}
                              onClick={[Function]}
                              tabIndex={-1}
                              type="checkbox"
                            />
                            <span />
                          </label>
                          <div
                            className="tm-layer-tree-toggle"
                            onClick={[Function]}
                            onKeyPress={[Function]}
                            role="button"
                            tabIndex={0}
                          >
                            <div>
                              ch.sbb.bahnhoffrequenzen
                            </div>
                          </div>
                          <div
                            className="wkp-info-layer-bt"
                            onClick={[Function]}
                            onKeyPress={[Function]}
                            role="button"
                            tabIndex={0}
                          >
                            <svg
                              fill="currentColor"
                              focusable={false}
                              height="1em"
                              stroke="currentColor"
                              strokeWidth="0"
                              style={
                                Object {
                                  "color": undefined,
                                }
                              }
                              viewBox="0 0 512 512"
                              width="1em"
                              xmlns="http://www.w3.org/2000/svg"
                            >
                              <path
                                d="M256 8C119.043 8 8 119.083 8 256c0 136.997 111.043 248 248 248s248-111.003 248-248C504 119.083 392.957 8 256 8zm0 110c23.196 0 42 18.804 42 42s-18.804 42-42 42-42-18.804-42-42 18.804-42 42-42zm56 254c0 6.627-5.373 12-12 12h-88c-6.627 0-12-5.373-12-12v-24c0-6.627 5.373-12 12-12h12v-64h-12c-6.627 0-12-5.373-12-12v-24c0-6.627 5.373-12 12-12h64c6.627 0 12 5.373 12 12v100h12c6.627 0 12 5.373 12 12v24z"
                              />
                            </svg>
                          </div>
                        </div>
                      </div>
                      <div>
                        <div
                          className="tm-layer-tree-item "
                          style={
                            Object {
                              "paddingLeft": "0px",
                            }
                          }
                        >
                          <label
                            className="tm-layer-tree-input tm-layer-tree-input-checkbox tm-checkbox"
                            onKeyPress={[Function]}
                            tabIndex={-1}
                          >
                            <input
                              checked={false}
                              onChange={[Function]}
                              onClick={[Function]}
                              tabIndex={-1}
                              type="checkbox"
                            />
                            <span />
                          </label>
                          <div
                            className="tm-layer-tree-toggle"
                            onClick={[Function]}
                            onKeyPress={[Function]}
                            role="button"
                            tabIndex={0}
                          >
                            <div>
                              ch.sbb.netzkarte.buslinien
                            </div>
                          </div>
                          <div
                            className="wkp-info-layer-bt"
                            onClick={[Function]}
                            onKeyPress={[Function]}
                            role="button"
                            tabIndex={0}
                          >
                            <svg
                              fill="currentColor"
                              focusable={false}
                              height="1em"
                              stroke="currentColor"
                              strokeWidth="0"
                              style={
                                Object {
                                  "color": undefined,
                                }
                              }
                              viewBox="0 0 512 512"
                              width="1em"
                              xmlns="http://www.w3.org/2000/svg"
                            >
                              <path
                                d="M256 8C119.043 8 8 119.083 8 256c0 136.997 111.043 248 248 248s248-111.003 248-248C504 119.083 392.957 8 256 8zm0 110c23.196 0 42 18.804 42 42s-18.804 42-42 42-42-18.804-42-42 18.804-42 42-42zm56 254c0 6.627-5.373 12-12 12h-88c-6.627 0-12-5.373-12-12v-24c0-6.627 5.373-12 12-12h12v-64h-12c-6.627 0-12-5.373-12-12v-24c0-6.627 5.373-12 12-12h64c6.627 0 12 5.373 12 12v100h12c6.627 0 12 5.373 12 12v24z"
                              />
                            </svg>
                          </div>
                        </div>
                      </div>
                      <div>
                        <div
                          className="tm-layer-tree-item "
                          style={
                            Object {
                              "paddingLeft": "0px",
                            }
                          }
                        >
                          <label
                            className="tm-layer-tree-input tm-layer-tree-input-checkbox tm-checkbox"
                            onKeyPress={[Function]}
                            tabIndex={0}
                          >
                            <input
                              checked={false}
                              onChange={[Function]}
                              onClick={[Function]}
                              tabIndex={-1}
                              type="checkbox"
                            />
                            <span />
                          </label>
                          <div
                            className="tm-layer-tree-toggle"
                            onClick={[Function]}
                            onKeyPress={[Function]}
                            role="button"
                            tabIndex={0}
                          >
                            <div>
                              ch.sbb.puenktlichkeit
                            </div>
                            <div
                              className="tm-layer-tree-arrow tm-layer-tree-arrow-collapsed"
                            />
                          </div>
                          <div
                            className="wkp-info-layer-bt"
                            onClick={[Function]}
                            onKeyPress={[Function]}
                            role="button"
                            tabIndex={0}
                          >
                            <svg
                              fill="currentColor"
                              focusable={false}
                              height="1em"
                              stroke="currentColor"
                              strokeWidth="0"
                              style={
                                Object {
                                  "color": undefined,
                                }
                              }
                              viewBox="0 0 512 512"
                              width="1em"
                              xmlns="http://www.w3.org/2000/svg"
                            >
                              <path
                                d="M256 8C119.043 8 8 119.083 8 256c0 136.997 111.043 248 248 248s248-111.003 248-248C504 119.083 392.957 8 256 8zm0 110c23.196 0 42 18.804 42 42s-18.804 42-42 42-42-18.804-42-42 18.804-42 42-42zm56 254c0 6.627-5.373 12-12 12h-88c-6.627 0-12-5.373-12-12v-24c0-6.627 5.373-12 12-12h12v-64h-12c-6.627 0-12-5.373-12-12v-24c0-6.627 5.373-12 12-12h64c6.627 0 12 5.373 12 12v100h12c6.627 0 12 5.373 12 12v24z"
                              />
                            </svg>
                          </div>
                        </div>
                      </div>
                      <div>
                        <div
                          className="tm-layer-tree-item "
                          style={
                            Object {
                              "paddingLeft": "0px",
                            }
                          }
                        >
                          <label
                            className="tm-layer-tree-input tm-layer-tree-input-checkbox tm-checkbox"
                            onKeyPress={[Function]}
                            tabIndex={-1}
                          >
                            <input
                              checked={false}
                              onChange={[Function]}
                              onClick={[Function]}
                              tabIndex={-1}
                              type="checkbox"
                            />
                            <span />
                          </label>
                          <div
                            className="tm-layer-tree-toggle"
                            onClick={[Function]}
                            onKeyPress={[Function]}
                            role="button"
                            tabIndex={0}
                          >
                            <div>
                              ch.sbb.parks
                            </div>
                          </div>
                          <div
                            className="wkp-info-layer-bt"
                            onClick={[Function]}
                            onKeyPress={[Function]}
                            role="button"
                            tabIndex={0}
                          >
                            <svg
                              fill="currentColor"
                              focusable={false}
                              height="1em"
                              stroke="currentColor"
                              strokeWidth="0"
                              style={
                                Object {
                                  "color": undefined,
                                }
                              }
                              viewBox="0 0 512 512"
                              width="1em"
                              xmlns="http://www.w3.org/2000/svg"
                            >
                              <path
                                d="M256 8C119.043 8 8 119.083 8 256c0 136.997 111.043 248 248 248s248-111.003 248-248C504 119.083 392.957 8 256 8zm0 110c23.196 0 42 18.804 42 42s-18.804 42-42 42-42-18.804-42-42 18.804-42 42-42zm56 254c0 6.627-5.373 12-12 12h-88c-6.627 0-12-5.373-12-12v-24c0-6.627 5.373-12 12-12h12v-64h-12c-6.627 0-12-5.373-12-12v-24c0-6.627 5.373-12 12-12h64c6.627 0 12 5.373 12 12v100h12c6.627 0 12 5.373 12 12v24z"
                              />
                            </svg>
                          </div>
                        </div>
                      </div>
                      <div>
                        <div
                          className="tm-layer-tree-item "
                          style={
                            Object {
                              "paddingLeft": "0px",
                            }
                          }
                        >
                          <label
                            className="tm-layer-tree-input tm-layer-tree-input-checkbox tm-checkbox"
                            onKeyPress={[Function]}
                            tabIndex={-1}
                          >
                            <input
                              checked={false}
                              onChange={[Function]}
                              onClick={[Function]}
                              tabIndex={-1}
                              type="checkbox"
                            />
                            <span />
                          </label>
                          <div
                            className="tm-layer-tree-toggle"
                            onClick={[Function]}
                            onKeyPress={[Function]}
                            role="button"
                            tabIndex={0}
                          >
                            <div>
                              ch.sbb.ch_gemeinden
                            </div>
                          </div>
                          <div
                            className="wkp-info-layer-bt"
                            onClick={[Function]}
                            onKeyPress={[Function]}
                            role="button"
                            tabIndex={0}
                          >
                            <svg
                              fill="currentColor"
                              focusable={false}
                              height="1em"
                              stroke="currentColor"
                              strokeWidth="0"
                              style={
                                Object {
                                  "color": undefined,
                                }
                              }
                              viewBox="0 0 512 512"
                              width="1em"
                              xmlns="http://www.w3.org/2000/svg"
                            >
                              <path
                                d="M256 8C119.043 8 8 119.083 8 256c0 136.997 111.043 248 248 248s248-111.003 248-248C504 119.083 392.957 8 256 8zm0 110c23.196 0 42 18.804 42 42s-18.804 42-42 42-42-18.804-42-42 18.804-42 42-42zm56 254c0 6.627-5.373 12-12 12h-88c-6.627 0-12-5.373-12-12v-24c0-6.627 5.373-12 12-12h12v-64h-12c-6.627 0-12-5.373-12-12v-24c0-6.627 5.373-12 12-12h64c6.627 0 12 5.373 12 12v100h12c6.627 0 12 5.373 12 12v24z"
                              />
                            </svg>
                          </div>
                        </div>
                      </div>
                    </div>
                  </div>
                </div>
              </div>
            </div>
            <div
              className="wkp-topic-menu"
            >
              <div
                className="wkp-topic-menu-item-wrapper"
              >
                <div
                  className="wkp-topic-menu-item"
                  onClick={[Function]}
                  onKeyPress={[Function]}
                  role="button"
                  tabIndex={0}
                >
                  <div
                    className="wkp-topic-title"
                  >
                    <div
                      className="wkp-topic-radio"
                    />
                    ch.sbb.construction
                  </div>
                  <div
                    className="wkp-layer-toggler collapsed"
                    style={
                      Object {
                        "display": "none",
                      }
                    }
                  />
                </div>
              </div>
              <div
                className="wkp-topic-content"
              >
                <div
                  className=" wkp-collapsible-vertical"
                  style={
                    Object {
                      "maxHeight": 1000,
                    }
                  }
                />
              </div>
            </div>
            <div
              className="wkp-topic-menu"
            >
              <div
                className="wkp-topic-menu-item-wrapper"
              >
                <div
                  className="wkp-topic-menu-item"
                  onClick={[Function]}
                  onKeyPress={[Function]}
                  role="button"
                  tabIndex={0}
                >
                  <div
                    className="wkp-topic-title"
                  >
                    <div
                      className="wkp-topic-radio"
                    />
                    ch.sbb.behig
                  </div>
                  <div
                    className="wkp-layer-toggler collapsed"
                    style={
                      Object {
                        "display": "none",
                      }
                    }
                  />
                </div>
              </div>
              <div
                className="wkp-topic-content"
              >
                <div
                  className=" wkp-collapsible-vertical"
                  style={
                    Object {
                      "maxHeight": 1000,
                    }
                  }
                />
              </div>
            </div>
            <div
              className="wkp-topic-menu"
            >
              <div
                className="wkp-topic-menu-item-wrapper"
              >
                <div
                  className="wkp-topic-menu-item"
                  onClick={[Function]}
                  onKeyPress={[Function]}
                  role="button"
                  tabIndex={0}
                >
                  <div
                    className="wkp-topic-title"
                  >
                    <div
                      className="wkp-topic-radio"
                    />
                    ch.sbb.infrastruktur
                  </div>
                  <div
                    className="wkp-layer-toggler collapsed"
                    style={
                      Object {
                        "display": "none",
                      }
                    }
                  />
                </div>
              </div>
              <div
                className="wkp-topic-content"
              >
                <div
                  className=" wkp-collapsible-vertical"
                  style={
                    Object {
                      "maxHeight": 1000,
                    }
                  }
                />
              </div>
            </div>
            <div
              className="wkp-topic-menu"
            >
              <div
                className="wkp-topic-menu-item-wrapper"
              >
                <div
                  className="wkp-topic-menu-item"
                  onClick={[Function]}
                  onKeyPress={[Function]}
                  role="button"
                  tabIndex={0}
                >
                  <div
                    className="wkp-topic-title"
                  >
                    <div
                      className="wkp-topic-radio"
                    />
                    ch.sbb.regionenkarte.public
                  </div>
                  <div
                    className="wkp-layer-toggler collapsed"
                    style={
                      Object {
                        "display": "none",
                      }
                    }
                  />
                </div>
              </div>
              <div
                className="wkp-topic-content"
              >
                <div
                  className=" wkp-collapsible-vertical"
                  style={
                    Object {
                      "maxHeight": 1000,
                    }
                  }
                />
              </div>
            </div>
            <div
              className="wkp-topic-menu"
            >
              <div
                className="wkp-topic-menu-item-wrapper"
              >
                <div
                  className="wkp-topic-menu-item"
                  onClick={[Function]}
                  onKeyPress={[Function]}
                  role="button"
                  tabIndex={0}
                >
                  <div
                    className="wkp-topic-title"
                  >
                    <div
                      className="wkp-topic-radio"
                    />
                    ch.sbb.tarifverbundkarte.public
                  </div>
                  <div
                    className="wkp-layer-toggler collapsed"
                    style={
                      Object {
                        "display": "none",
                      }
                    }
                  />
                </div>
              </div>
              <div
                className="wkp-topic-content"
              >
                <div
                  className=" wkp-collapsible-vertical"
                  style={
                    Object {
                      "maxHeight": 1000,
                    }
                  }
                />
              </div>
            </div>
          </div>
          Loading menu...
        </div>
      </div>
      Loading menu...
    </div>
  </div>
  <div />
  <div>
    <div
      className="wkp-map-controls"
    >
      <div
        className="tm-zooms-bar"
      >
        <div
          aria-label="Zoom"
          className="wkp-zoom-in"
          onClick={[Function]}
          onKeyPress={[Function]}
          role="button"
          tabIndex={0}
          title="Zoom"
        >
          <svg
            fill="currentColor"
            focusable={false}
            height="1em"
            stroke="currentColor"
            strokeWidth="0"
            style={
              Object {
                "color": undefined,
              }
            }
            viewBox="0 0 448 512"
            width="1em"
            xmlns="http://www.w3.org/2000/svg"
          >
            <path
              d="M416 208H272V64c0-17.67-14.33-32-32-32h-32c-17.67 0-32 14.33-32 32v144H32c-17.67 0-32 14.33-32 32v32c0 17.67 14.33 32 32 32h144v144c0 17.67 14.33 32 32 32h32c17.67 0 32-14.33 32-32V304h144c17.67 0 32-14.33 32-32v-32c0-17.67-14.33-32-32-32z"
            />
          </svg>
        </div>
        <div
          className="tm-zoomslider-wrapper"
        />
        <div
          aria-label="Zoom"
          className="wkp-zoom-out"
          onClick={[Function]}
          onKeyPress={[Function]}
          role="button"
          tabIndex={0}
          title="Zoom"
        >
          <svg
            fill="currentColor"
            focusable={false}
            height="1em"
            stroke="currentColor"
            strokeWidth="0"
            style={
              Object {
                "color": undefined,
              }
            }
            viewBox="0 0 448 512"
            width="1em"
            xmlns="http://www.w3.org/2000/svg"
          >
            <path
              d="M416 208H32c-17.67 0-32 14.33-32 32v32c0 17.67 14.33 32 32 32h384c17.67 0 32-14.33 32-32v-32c0-17.67-14.33-32-32-32z"
            />
          </svg>
        </div>
      </div>
      <div
        aria-label="Lokalisieren"
        className="wkp-geolocation "
        onClick={[Function]}
        onKeyPress={[Function]}
        role="button"
        tabIndex={0}
        title="Lokalisieren"
      >
        <svg
          fill="currentColor"
          height="1em"
          stroke="currentColor"
          strokeWidth="0"
          style={
            Object {
              "color": undefined,
            }
          }
          viewBox="0 0 512 512"
          width="1em"
          xmlns="http://www.w3.org/2000/svg"
        >
          <path
            d="M256 56c110.532 0 200 89.451 200 200 0 110.532-89.451 200-200 200-110.532 0-200-89.451-200-200 0-110.532 89.451-200 200-200m0-48C119.033 8 8 119.033 8 256s111.033 248 248 248 248-111.033 248-248S392.967 8 256 8zm0 168c-44.183 0-80 35.817-80 80s35.817 80 80 80 80-35.817 80-80-35.817-80-80-80z"
          />
        </svg>
      </div>
      <div
        aria-label="Ganze Schweiz"
        className="wkp-fit-extent"
        onClick={[Function]}
        onKeyPress={[Function]}
        role="button"
        tabIndex={0}
        title="Ganze Schweiz"
      >
        <img
          alt="Ganze Schweiz"
          src="swissbounds.png"
        />
      </div>
    </div>
  </div>
  <div>
    <div
      className="tm-base-layer-toggler"
    >
      <div
        className="tm-map"
        role="menu"
        tabIndex={0}
      />
      <img
        alt={null}
        className="tm-base-layer-item"
        src={null}
        style={
          Object {
            "opacity": 0,
          }
        }
      />
      <div
        className="tm-base-layer-item"
        onClick={[Function]}
        onKeyPress={[Function]}
        role="button"
        tabIndex={0}
      />
      <div
        className="tm-footer"
      >
        <div
          className="tm-base-layer-previous"
          onClick={[Function]}
          onKeyPress={[Function]}
          role="button"
          tabIndex={0}
        >
          <svg
            fill="currentColor"
            height="1em"
            stroke="currentColor"
            strokeWidth="0"
            style={
              Object {
                "color": undefined,
              }
            }
            viewBox="0 0 512 512"
            width="1em"
            xmlns="http://www.w3.org/2000/svg"
          >
            <path
              d="M256 504C119 504 8 393 8 256S119 8 256 8s248 111 248 248-111 248-248 248zm28.9-143.6L209.4 288H392c13.3 0 24-10.7 24-24v-16c0-13.3-10.7-24-24-24H209.4l75.5-72.4c9.7-9.3 9.9-24.8.4-34.3l-11-10.9c-9.4-9.4-24.6-9.4-33.9 0L107.7 239c-9.4 9.4-9.4 24.6 0 33.9l132.7 132.7c9.4 9.4 24.6 9.4 33.9 0l11-10.9c9.5-9.5 9.3-25-.4-34.3z"
            />
          </svg>
        </div>
        <div
          className="tm-base-layer-next"
          onClick={[Function]}
          onKeyPress={[Function]}
          role="button"
          tabIndex={0}
        >
          <svg
            fill="currentColor"
            height="1em"
            stroke="currentColor"
            strokeWidth="0"
            style={
              Object {
                "color": undefined,
              }
            }
            viewBox="0 0 512 512"
            width="1em"
            xmlns="http://www.w3.org/2000/svg"
          >
            <path
              d="M256 8c137 0 248 111 248 248S393 504 256 504 8 393 8 256 119 8 256 8zm-28.9 143.6l75.5 72.4H120c-13.3 0-24 10.7-24 24v16c0 13.3 10.7 24 24 24h182.6l-75.5 72.4c-9.7 9.3-9.9 24.8-.4 34.3l11 10.9c9.4 9.4 24.6 9.4 33.9 0L404.3 273c9.4-9.4 9.4-24.6 0-33.9L271.6 106.3c-9.4-9.4-24.6-9.4-33.9 0l-11 10.9c-9.5 9.6-9.3 25.1.4 34.4z"
            />
          </svg>
        </div>
      </div>
    </div>
  </div>
</div>
`;
